[INFO] Scanning for projects...
[INFO] 
[INFO] ---------------------< com.stockwise:auth-service >---------------------
[INFO] Building StockWise Auth Service 1.0.0
[INFO]   from pom.xml
[INFO] --------------------------------[ jar ]---------------------------------
[INFO] 
[INFO] >>> spring-boot:3.2.5:run (default-cli) > test-compile @ auth-service >>>
[INFO] 
[INFO] --- resources:3.3.1:resources (default-resources) @ auth-service ---
[INFO] Copying 1 resource from src\main\resources to target\classes
[INFO] Copying 0 resource from src\main\resources to target\classes
[INFO] 
[INFO] --- compiler:3.11.0:compile (default-compile) @ auth-service ---
[INFO] Nothing to compile - all classes are up to date
[INFO] 
[INFO] --- resources:3.3.1:testResources (default-testResources) @ auth-service ---
[INFO] skip non existing resourceDirectory D:\Web Development\StockWise\backend\auth-service\src\test\resources
[INFO] 
[INFO] --- compiler:3.11.0:testCompile (default-testCompile) @ auth-service ---
[INFO] Nothing to compile - all classes are up to date
[INFO] 
[INFO] <<< spring-boot:3.2.5:run (default-cli) < test-compile @ auth-service <<<
[INFO] 
[INFO] 
[INFO] --- spring-boot:3.2.5:run (default-cli) @ auth-service ---
[INFO] Attaching agents: []

  .   ____          _            __ _ _
 /\\ / ___'_ __ _ _(_)_ __  __ _ \ \ \ \
( ( )\___ | '_ | '_| | '_ \/ _` | \ \ \ \
 \\/  ___)| |_)| | | | | || (_| |  ) ) ) )
  '  |____| .__|_| |_|_| |_\__, | / / / /
 =========|_|==============|___/=/_/_/_/
 :: Spring Boot ::                (v3.2.5)

2026-06-10T16:05:12.483+05:30  INFO 11668 --- [auth-service] [           main] c.stockwise.auth.AuthServiceApplication  : Starting AuthServiceApplication using Java 21.0.7 with PID 11668 (D:\Web Development\StockWise\backend\auth-service\target\classes started by ABI in D:\Web Development\StockWise\backend\auth-service)
2026-06-10T16:05:12.484+05:30 DEBUG 11668 --- [auth-service] [           main] c.stockwise.auth.AuthServiceApplication  : Running with Spring Boot v3.2.5, Spring v6.1.6
2026-06-10T16:05:12.485+05:30  INFO 11668 --- [auth-service] [           main] c.stockwise.auth.AuthServiceApplication  : No active profile set, falling back to 1 default profile: "default"
2026-06-10T16:05:13.161+05:30  INFO 11668 --- [auth-service] [           main] .s.d.r.c.RepositoryConfigurationDelegate : Bootstrapping Spring Data JPA repositories in DEFAULT mode.
2026-06-10T16:05:13.201+05:30  INFO 11668 --- [auth-service] [           main] .s.d.r.c.RepositoryConfigurationDelegate : Finished Spring Data repository scanning in 35 ms. Found 4 JPA repository interfaces.
2026-06-10T16:05:14.186+05:30  INFO 11668 --- [auth-service] [           main] o.s.b.w.embedded.tomcat.TomcatWebServer  : Tomcat initialized with port 8081 (http)
2026-06-10T16:05:14.195+05:30  INFO 11668 --- [auth-service] [           main] o.apache.catalina.core.StandardService   : Starting service [Tomcat]
2026-06-10T16:05:14.196+05:30  INFO 11668 --- [auth-service] [           main] o.apache.catalina.core.StandardEngine    : Starting Servlet engine: [Apache Tomcat/10.1.20]
2026-06-10T16:05:14.256+05:30  INFO 11668 --- [auth-service] [           main] o.a.c.c.C.[Tomcat].[localhost].[/]       : Initializing Spring embedded WebApplicationContext
2026-06-10T16:05:14.257+05:30  INFO 11668 --- [auth-service] [           main] w.s.c.ServletWebServerApplicationContext : Root WebApplicationContext: initialization completed in 1723 ms
2026-06-10T16:05:14.504+05:30 DEBUG 11668 --- [auth-service] [           main] c.s.a.security.JwtAuthenticationFilter   : Filter 'jwtAuthenticationFilter' configured for use
2026-06-10T16:05:14.604+05:30  INFO 11668 --- [auth-service] [           main] o.hibernate.jpa.internal.util.LogHelper  : HHH000204: Processing PersistenceUnitInfo [name: default]
2026-06-10T16:05:14.639+05:30  INFO 11668 --- [auth-service] [           main] org.hibernate.Version                    : HHH000412: Hibernate ORM core version 6.4.4.Final
2026-06-10T16:05:14.663+05:30  INFO 11668 --- [auth-service] [           main] o.h.c.internal.RegionFactoryInitiator    : HHH000026: Second-level cache disabled
2026-06-10T16:05:14.823+05:30  INFO 11668 --- [auth-service] [           main] o.s.o.j.p.SpringPersistenceUnitInfo      : No LoadTimeWeaver setup: ignoring JPA class transformer
2026-06-10T16:05:14.845+05:30  INFO 11668 --- [auth-service] [           main] com.zaxxer.hikari.HikariDataSource       : HikariPool-1 - Starting...
2026-06-10T16:05:14.983+05:30  INFO 11668 --- [auth-service] [           main] com.zaxxer.hikari.pool.HikariPool        : HikariPool-1 - Added connection com.mysql.cj.jdbc.ConnectionImpl@1c787389
2026-06-10T16:05:14.984+05:30  INFO 11668 --- [auth-service] [           main] com.zaxxer.hikari.HikariDataSource       : HikariPool-1 - Start completed.
2026-06-10T16:05:15.021+05:30  WARN 11668 --- [auth-service] [           main] org.hibernate.orm.deprecation            : HHH90000025: MySQLDialect does not need to be specified explicitly using 'hibernate.dialect' (remove the property setting and it will be selected by default)
2026-06-10T16:05:15.762+05:30  INFO 11668 --- [auth-service] [           main] o.h.e.t.j.p.i.JtaPlatformInitiator       : HHH000489: No JTA platform available (set 'hibernate.transaction.jta.platform' to enable JTA platform integration)
2026-06-10T16:05:15.836+05:30  INFO 11668 --- [auth-service] [           main] j.LocalContainerEntityManagerFactoryBean : Initialized JPA EntityManagerFactory for persistence unit 'default'
2026-06-10T16:05:16.155+05:30  INFO 11668 --- [auth-service] [           main] o.s.d.j.r.query.QueryEnhancerFactory     : Hibernate is in classpath; If applicable, HQL parser will be used.
2026-06-10T16:05:16.768+05:30  WARN 11668 --- [auth-service] [           main] JpaBaseConfiguration$JpaWebConfiguration : spring.jpa.open-in-view is enabled by default. Therefore, database queries may be performed during view rendering. Explicitly configure spring.jpa.open-in-view to disable this warning
2026-06-10T16:05:16.814+05:30  WARN 11668 --- [auth-service] [           main] .s.s.UserDetailsServiceAutoConfiguration : 

Using generated security password: 4e39b93a-8f0c-4756-a036-4e98820bf578

This generated password is for development use only. Your security configuration must be updated before running your application in production.

2026-06-10T16:05:17.136+05:30  INFO 11668 --- [auth-service] [           main] o.s.b.a.e.web.EndpointLinksResolver      : Exposing 2 endpoint(s) beneath base path '/actuator'
2026-06-10T16:05:17.236+05:30  INFO 11668 --- [auth-service] [           main] o.s.s.web.DefaultSecurityFilterChain     : Will secure any request with [org.springframework.security.web.session.DisableEncodeUrlFilter@2c5157c9, org.springframework.security.web.context.request.async.WebAsyncManagerIntegrationFilter@1a927db2, org.springframework.security.web.context.SecurityContextHolderFilter@509d0d21, org.springframework.security.web.header.HeaderWriterFilter@13c147f8, org.springframework.web.filter.CorsFilter@4bb747c1, org.springframework.security.web.authentication.logout.LogoutFilter@13088030, com.stockwise.auth.security.JwtAuthenticationFilter@64c25a62, org.springframework.security.web.savedrequest.RequestCacheAwareFilter@4d619aa0, org.springframework.security.web.servletapi.SecurityContextHolderAwareRequestFilter@6682e9b0, org.springframework.security.web.authentication.AnonymousAuthenticationFilter@18b12df9, org.springframework.security.web.session.SessionManagementFilter@435b944c, org.springframework.security.web.access.ExceptionTranslationFilter@57753d41, org.springframework.security.web.access.intercept.AuthorizationFilter@2dacaa7f]
2026-06-10T16:05:17.731+05:30  INFO 11668 --- [auth-service] [           main] o.s.b.w.embedded.tomcat.TomcatWebServer  : Tomcat started on port 8081 (http) with context path ''
2026-06-10T16:05:17.743+05:30  INFO 11668 --- [auth-service] [           main] c.stockwise.auth.AuthServiceApplication  : Started AuthServiceApplication in 5.576 seconds (process running for 5.882)
2026-06-10T16:05:17.903+05:30  INFO 11668 --- [auth-service] [           main] c.stockwise.auth.config.DatabaseSeeder   : Admin user already exists: abinandu2005@gmail.com
